// Jest Snapshot v1, https://goo.gl/fbAQLP

exports[`AddBondModal renders properly 1`] = `
<div>
  <Connect(ReduxForm)
    bond={
      Object {
        "amount": 300,
        "bond_guid": "erjvnaqekrj",
        "bond_id": 1,
        "bond_status_code": "ACT",
        "bond_type_code": "CAS",
        "documents": Array [],
        "institution_city": null,
        "institution_name": null,
        "institution_postal_code": null,
        "institution_province": null,
        "institution_street": null,
        "issue_date": "2018-10-16",
        "note": null,
        "payer": Object {},
        "payer_party_guid": "sethwrt",
        "permit_guid": "1628847c-060b-45f2-990f-815877174801",
        "reference_number": "",
      }
    }
    closeModal={[MockFunction]}
    editBond={false}
    initialPartyValue=""
    initialValues={
      Object {
        "amount": 300,
        "bond_guid": "erjvnaqekrj",
        "bond_id": 1,
        "bond_status_code": "ACT",
        "bond_type_code": "CAS",
        "documents": Array [],
        "institution_city": null,
        "institution_name": null,
        "institution_postal_code": null,
        "institution_province": null,
        "institution_street": null,
        "issue_date": "2018-10-16",
        "note": null,
        "payer": Object {},
        "payer_party_guid": "sethwrt",
        "permit_guid": "1628847c-060b-45f2-990f-815877174801",
        "reference_number": "",
      }
    }
    onSubmit={[Function]}
    provinceOptions={
      Array [
        Object {
          "isActive": true,
          "label": "AB",
          "subType": null,
          "value": "AB",
        },
        Object {
          "isActive": true,
          "label": "BC",
          "subType": null,
          "value": "BC",
        },
      ]
    }
    title="Add Bond"
  />
</div>
`;
