// Jest Snapshot v1, https://goo.gl/fbAQLP

exports[`AdminNavigation renders properly 1`] = `
<Menu
  mode="horizontal"
  selectedKeys={Array []}
>
  <SubMenu
    id="active-menu-btn"
    title={
      <span>
        Permit Conditions
        <ForwardRef(DownOutlined)
          className="padding-sm--left"
        />
      </span>
    }
  >
    <Menu
      className="sub-menu"
    >
      <MenuItem
        key="SAG"
      >
        <Link
          to="/admin/dashboard/permit-conditions/SAG"
        >
          Sand & Gravel Permit
        </Link>
      </MenuItem>
      <MenuItem
        key="MIN"
      >
        <Link
          to="/admin/dashboard/permit-conditions/MIN"
        >
          MX/CX Permit
        </Link>
      </MenuItem>
      <MenuItem
        key="QCA"
      >
        <Link
          to="/admin/dashboard/permit-conditions/QCA"
        >
          Quarry Permit
        </Link>
      </MenuItem>
      <MenuItem
        key="PLA"
      >
        <Link
          to="/admin/dashboard/permit-conditions/PLA"
        >
          Placer Permit
        </Link>
      </MenuItem>
    </Menu>
  </SubMenu>
  <SubMenu
    id=""
    title={
      <span>
        Mine Verification
        <ForwardRef(DownOutlined)
          className="padding-sm--left"
        />
      </span>
    }
  >
    <Menu
      className="sub-menu"
    >
      <MenuItem
        key="permits"
      >
        <Link
          to="/admin/dashboard/mine-verification/verified"
        >
          Verified Mines
        </Link>
      </MenuItem>
      <MenuItem
        key="securities"
      >
        <Link
          to="/admin/dashboard/mine-verification/unverified"
        >
          UnVerified Mines
        </Link>
      </MenuItem>
    </Menu>
  </SubMenu>
  <SubMenu
    id=""
    title={
      <span>
        MineSpace Management
        <ForwardRef(DownOutlined)
          className="padding-sm--left"
        />
      </span>
    }
  >
    <Menu
      className="sub-menu"
    >
      <MenuItem
        key="users"
      >
        <Link
          to="/admin/dashboard/manage-minespace/users"
        >
          Users
        </Link>
      </MenuItem>
    </Menu>
  </SubMenu>
</Menu>
`;
